// Jest Snapshot v1, https://goo.gl/fbAQLP

exports[`"stylelint.configBasedir" setting should resolve referenced configs using the base directory 1`] = `
Array [
  Object {
    "code": "color-hex-case",
    "codeDescription": Object {
      "href": "https://stylelint.io/user-guide/rules/list/color-hex-case",
    },
    "message": "Expected \\"#fff\\" to be \\"#FFF\\" (color-hex-case)",
    "range": Object {
      "end": Object {
        "character": 10,
        "line": 1,
      },
      "start": Object {
        "character": 9,
        "line": 1,
      },
    },
    "severity": 1,
    "source": "ec0lint-style",
  },
  Object {
    "code": "indentation",
    "codeDescription": Object {
      "href": "https://stylelint.io/user-guide/rules/list/indentation",
    },
    "message": "Expected indentation of 8 spaces (indentation)",
    "range": Object {
      "end": Object {
        "character": 3,
        "line": 1,
      },
      "start": Object {
        "character": 2,
        "line": 1,
      },
    },
    "severity": 1,
    "source": "ec0lint-style",
  },
]
`;
