// Jest Snapshot v1, https://goo.gl/fbAQLP

exports[`"stylelint.configFile" setting should resolve the config file using the specified path 1`] = `
Array [
  Object {
    "code": "block-no-empty",
    "codeDescription": Object {
      "href": "https://stylelint.io/user-guide/rules/list/block-no-empty",
    },
    "message": "Unexpected empty block (block-no-empty)",
    "range": Object {
      "end": Object {
        "character": 3,
        "line": 0,
      },
      "start": Object {
        "character": 2,
        "line": 0,
      },
    },
    "severity": 1,
    "source": "ec0lint-style",
  },
]
`;
