// Jest Snapshot v1, https://goo.gl/fbAQLP

exports[`"stylelint.reportNeedlessDisables" setting should report needless disables when enabled 1`] = `
Array [
  Object {
    "code": "--report-needless-disables",
    "message": "Needless disable for \\"indentation\\"",
    "range": Object {
      "end": Object {
        "character": 3,
        "line": 2,
      },
      "start": Object {
        "character": 2,
        "line": 2,
      },
    },
    "severity": 1,
    "source": "ec0lint-style",
  },
  Object {
    "code": "--report-needless-disables",
    "message": "Needless disable for \\"indentation\\"",
    "range": Object {
      "end": Object {
        "character": 1,
        "line": 6,
      },
      "start": Object {
        "character": 0,
        "line": 6,
      },
    },
    "severity": 1,
    "source": "ec0lint-style",
  },
  Object {
    "code": "--report-needless-disables",
    "message": "Needless disable for \\"indentation\\"",
    "range": Object {
      "end": Object {
        "character": 17,
        "line": 14,
      },
      "start": Object {
        "character": 16,
        "line": 14,
      },
    },
    "severity": 1,
    "source": "ec0lint-style",
  },
  Object {
    "code": "--report-needless-disables",
    "message": "Needless disable for \\"indentation\\"",
    "range": Object {
      "end": Object {
        "character": 1,
        "line": 17,
      },
      "start": Object {
        "character": 0,
        "line": 17,
      },
    },
    "severity": 1,
    "source": "ec0lint-style",
  },
  Object {
    "code": "--report-needless-disables",
    "message": "Needless disable for \\"unknown\\"",
    "range": Object {
      "end": Object {
        "character": 3,
        "line": 2,
      },
      "start": Object {
        "character": 2,
        "line": 2,
      },
    },
    "severity": 1,
    "source": "ec0lint-style",
  },
]
`;
