// Jest Snapshot v1, https://goo.gl/fbAQLP

exports[`"stylelint.reportInvalidScopeDisables" setting should report invalid-scope disables when enabled 1`] = `
Array [
  Object {
    "code": "--report-invalid-scope-disables",
    "message": "Rule \\"foo\\" isn't enabled",
    "range": Object {
      "end": Object {
        "character": 1,
        "line": 0,
      },
      "start": Object {
        "character": 0,
        "line": 0,
      },
    },
    "severity": 1,
    "source": "ec0lint-style",
  },
  Object {
    "code": "--report-invalid-scope-disables",
    "message": "Rule \\"foo\\" isn't enabled",
    "range": Object {
      "end": Object {
        "character": 1,
        "line": 2,
      },
      "start": Object {
        "character": 0,
        "line": 2,
      },
    },
    "severity": 1,
    "source": "ec0lint-style",
  },
  Object {
    "code": "--report-invalid-scope-disables",
    "message": "Rule \\"foo\\" isn't enabled",
    "range": Object {
      "end": Object {
        "character": 1,
        "line": 4,
      },
      "start": Object {
        "character": 0,
        "line": 4,
      },
    },
    "severity": 1,
    "source": "ec0lint-style",
  },
]
`;
