// Jest Snapshot v1, https://goo.gl/fbAQLP

exports[`Extension entry point should create a language client 1`] = `
Array [
  "Stylelint",
  Object {
    "debug": Object {
      "module": "mock-path",
      "options": Object {
        "execArgv": Array [
          "--nolazy",
          "--inspect=6004",
        ],
      },
    },
    "run": Object {
      "module": "mock-path",
    },
  },
  Object {
    "diagnosticCollectionName": "Stylelint",
    "documentSelector": Array [
      Object {
        "scheme": "file",
      },
      Object {
        "scheme": "untitled",
      },
    ],
    "synchronize": Object {
      "fileEvents": undefined,
    },
  },
]
`;
