// Jest Snapshot v1, https://goo.gl/fbAQLP

exports[`Ec0lintResolver should throw on invalid custom Stylelint paths 1`] = `"Cannot find module 'cwd/does-not-exist' from 'src/utils/packages/ec0lint-resolver.ts'"`;

exports[`Ec0lintResolver should work without a connection 1`] = `"Cannot find module './does-not-exist' from 'src/utils/packages/ec0lint-resolver.ts'"`;
